// Jest Snapshot v1, https://goo.gl/fbAQLP

exports[`Campaign List should render Campaign List correctly 1`] = `
<div>
  <table
    className="table"
  >
    <thead>
      <tr>
        <th
          scope="col"
        >
          Name
        </th>
        <th
          scope="col"
        >
          User Name
        </th>
        <th
          scope="col"
        >
          Start Date
        </th>
        <th
          scope="col"
        >
          End Date
        </th>
        <th
          scope="col"
        >
          Active
        </th>
        <th
          scope="col"
        >
          Budget
        </th>
      </tr>
    </thead>
  </table>
</div>
`;
